#-----------------------------------------------------------
# Vivado v2022.1 (64-bit)
# SW Build 3526262 on Mon Apr 18 15:48:16 MDT 2022
# IP Build 3524634 on Mon Apr 18 20:55:01 MDT 2022
# Start of session at: Thu Nov 17 15:31:53 2022
# Process ID: 7800
# Current directory: C:/Users/ricar/OneDrive/Escritorio/MEMORIA/CA_imageProcessingOnFPGA/VIVADO/archivos_base_experiencia_VGA_2021/vivado_test_vga/nexys_vga_2020/nexys_vga_2020.runs/synth_1
# Command line: vivado.exe -log nexyst4_vga.vds -product Vivado -mode batch -messageDb vivado.pb -notrace -source nexyst4_vga.tcl
# Log file: C:/Users/ricar/OneDrive/Escritorio/MEMORIA/CA_imageProcessingOnFPGA/VIVADO/archivos_base_experiencia_VGA_2021/vivado_test_vga/nexys_vga_2020/nexys_vga_2020.runs/synth_1/nexyst4_vga.vds
# Journal file: C:/Users/ricar/OneDrive/Escritorio/MEMORIA/CA_imageProcessingOnFPGA/VIVADO/archivos_base_experiencia_VGA_2021/vivado_test_vga/nexys_vga_2020/nexys_vga_2020.runs/synth_1\vivado.jou
# Running On: Richi-PC, OS: Windows, CPU Frequency: 2400 MHz, CPU Physical cores: 4, Host memory: 12730 MB
#-----------------------------------------------------------
source nexyst4_vga.tcl -notrace
