#-----------------------------------------------------------
# Vivado v2022.1 (64-bit)
# SW Build 3526262 on Mon Apr 18 15:48:16 MDT 2022
# IP Build 3524634 on Mon Apr 18 20:55:01 MDT 2022
# Start of session at: Wed Oct  5 13:59:07 2022
# Process ID: 19156
# Current directory: C:/Users/ricar/OneDrive/Escritorio/MEMORIA/CODIGOS/VIVADO/vga2
# Command line: vivado.exe -gui_launcher_event rodinguilauncherevent8156 C:\Users\ricar\OneDrive\Escritorio\MEMORIA\CODIGOS\VIVADO\vga2\vga2.xpr
# Log file: C:/Users/ricar/OneDrive/Escritorio/MEMORIA/CODIGOS/VIVADO/vga2/vivado.log
# Journal file: C:/Users/ricar/OneDrive/Escritorio/MEMORIA/CODIGOS/VIVADO/vga2\vivado.jou
# Running On: Richi-PC, OS: Windows, CPU Frequency: 2400 MHz, CPU Physical cores: 4, Host memory: 12730 MB
#-----------------------------------------------------------
start_gui
open_project C:/Users/ricar/OneDrive/Escritorio/MEMORIA/CODIGOS/VIVADO/vga2/vga2.xpr
update_compile_order -fileset sources_1
reset_run synth_1
update_compile_order -fileset sources_1
launch_runs synth_1 -jobs 4
wait_on_run synth_1
