#-----------------------------------------------------------
# Vivado v2022.1 (64-bit)
# SW Build 3526262 on Mon Apr 18 15:48:16 MDT 2022
# IP Build 3524634 on Mon Apr 18 20:55:01 MDT 2022
# Start of session at: Sun Nov  6 10:28:57 2022
# Process ID: 5256
# Current directory: C:/Users/ricar/OneDrive/Escritorio/MEMORIA/CODIGOS/VIVADO/CA_LOAD
# Command line: vivado.exe -gui_launcher_event rodinguilauncherevent16228 C:\Users\ricar\OneDrive\Escritorio\MEMORIA\CODIGOS\VIVADO\CA_LOAD\CA_LOAD.xpr
# Log file: C:/Users/ricar/OneDrive/Escritorio/MEMORIA/CODIGOS/VIVADO/CA_LOAD/vivado.log
# Journal file: C:/Users/ricar/OneDrive/Escritorio/MEMORIA/CODIGOS/VIVADO/CA_LOAD\vivado.jou
# Running On: Richi-PC, OS: Windows, CPU Frequency: 2400 MHz, CPU Physical cores: 4, Host memory: 12730 MB
#-----------------------------------------------------------
start_gui
open_project C:/Users/ricar/OneDrive/Escritorio/MEMORIA/CODIGOS/VIVADO/CA_LOAD/CA_LOAD.xpr
update_compile_order -fileset sources_1
# Disabling source management mode.  This is to allow the top design properties to be set without GUI intervention.
set_property source_mgmt_mode None [current_project]
set_property top sim_CELDA [get_filesets sim_1]
set_property top_lib xil_defaultlib [get_filesets sim_1]
# Re-enabling previously disabled source management mode.
set_property source_mgmt_mode All [current_project]
update_compile_order -fileset sim_1
launch_simulation
source sim_CELDA.tcl
close_sim
launch_simulation
source sim_CELDA.tcl
export_ip_user_files -of_objects  [get_files C:/Users/ricar/OneDrive/Escritorio/MEMORIA/CODIGOS/VIVADO/CA_LOAD/CA_LOAD.srcs/sim_1/new/sim_shift.sv] -no_script -reset -force -quiet
remove_files  -fileset sim_1 C:/Users/ricar/OneDrive/Escritorio/MEMORIA/CODIGOS/VIVADO/CA_LOAD/CA_LOAD.srcs/sim_1/new/sim_shift.sv
close_sim
launch_simulation
source sim_CELDA.tcl
close_sim
launch_simulation
source sim_CELDA.tcl
close_sim
launch_simulation
source sim_CELDA.tcl
set_property SOURCE_SET sources_1 [get_filesets sim_1]
close [ open C:/Users/ricar/OneDrive/Escritorio/MEMORIA/CODIGOS/VIVADO/CA_LOAD/CA_LOAD.srcs/sim_1/new/sim_SHIFT.sv w ]
add_files -fileset sim_1 C:/Users/ricar/OneDrive/Escritorio/MEMORIA/CODIGOS/VIVADO/CA_LOAD/CA_LOAD.srcs/sim_1/new/sim_SHIFT.sv
update_compile_order -fileset sim_1
update_compile_order -fileset sim_1
close_sim
launch_simulation
source sim_CELDA.tcl
update_compile_order -fileset sim_1
close_sim
launch_simulation
source sim_CELDA.tcl
run all
close_sim
launch_simulation
source sim_CELDA.tcl
# Disabling source management mode.  This is to allow the top design properties to be set without GUI intervention.
set_property source_mgmt_mode None [current_project]
set_property top sim_SHIFT [get_filesets sim_1]
set_property top_lib xil_defaultlib [get_filesets sim_1]
# Re-enabling previously disabled source management mode.
set_property source_mgmt_mode All [current_project]
update_compile_order -fileset sim_1
launch_simulation
close_sim
launch_simulation
source sim_SHIFT.tcl
close_sim
launch_simulation
source sim_SHIFT.tcl
close_sim
launch_simulation
source sim_SHIFT.tcl
relaunch_sim
relaunch_sim
close_sim
launch_simulation
source sim_SHIFT.tcl
relaunch_sim
relaunch_sim
relaunch_sim
relaunch_sim
relaunch_sim
relaunch_sim
relaunch_sim
relaunch_sim
relaunch_sim
relaunch_sim
close_sim
launch_simulation
source sim_SHIFT.tcl
relaunch_sim
relaunch_sim
relaunch_sim
relaunch_sim
# Disabling source management mode.  This is to allow the top design properties to be set without GUI intervention.
set_property source_mgmt_mode None [current_project]
set_property top sim_GRID [get_filesets sim_1]
set_property top_lib xil_defaultlib [get_filesets sim_1]
# Re-enabling previously disabled source management mode.
set_property source_mgmt_mode All [current_project]
update_compile_order -fileset sim_1
close_sim
launch_simulation
source sim_GRID.tcl
relaunch_sim
relaunch_sim
relaunch_sim
relaunch_sim
relaunch_sim
relaunch_sim
relaunch_sim
relaunch_sim
relaunch_sim
relaunch_sim
relaunch_sim
relaunch_sim
save_wave_config {C:/Users/ricar/OneDrive/Escritorio/MEMORIA/CODIGOS/VIVADO/CA_LOAD/sim_GRID_behav.wcfg}
add_files -fileset sim_1 -norecurse C:/Users/ricar/OneDrive/Escritorio/MEMORIA/CODIGOS/VIVADO/CA_LOAD/sim_GRID_behav.wcfg
set_property xsim.view C:/Users/ricar/OneDrive/Escritorio/MEMORIA/CODIGOS/VIVADO/CA_LOAD/sim_GRID_behav.wcfg [get_filesets sim_1]
close_sim
